current directory: /home/chakravarthi/Desktop/ProductionApplication/vendor/bundle/ruby/3.2.0/gems/psych-5.3.1/ext/psych
/home/chakravarthi/.rvm/rubies/ruby-3.2.2/bin/ruby extconf.rb
creating Makefile

current directory: /home/chakravarthi/Desktop/ProductionApplication/vendor/bundle/ruby/3.2.0/gems/psych-5.3.1/ext/psych
make DESTDIR\= sitearchdir\=./.gem.20260228-32487-do9s7v sitelibdir\=./.gem.20260228-32487-do9s7v clean
cd libyaml && make clean
/bin/sh: 1: cd: can't cd to libyaml
make: [Makefile:283: clean-so] Error 2 (ignored)

current directory: /home/chakravarthi/Desktop/ProductionApplication/vendor/bundle/ruby/3.2.0/gems/psych-5.3.1/ext/psych
make DESTDIR\= sitearchdir\=./.gem.20260228-32487-do9s7v sitelibdir\=./.gem.20260228-32487-do9s7v
compiling psych.c
compiling psych_emitter.c
compiling psych_parser.c
compiling psych_to_ruby.c
compiling psych_yaml_tree.c
linking shared-object psych.so

current directory: /home/chakravarthi/Desktop/ProductionApplication/vendor/bundle/ruby/3.2.0/gems/psych-5.3.1/ext/psych
make DESTDIR\= sitearchdir\=./.gem.20260228-32487-do9s7v sitelibdir\=./.gem.20260228-32487-do9s7v install
/usr/bin/install -m 0755 psych.so ./.gem.20260228-32487-do9s7v

current directory: /home/chakravarthi/Desktop/ProductionApplication/vendor/bundle/ruby/3.2.0/gems/psych-5.3.1/ext/psych
make DESTDIR\= sitearchdir\=./.gem.20260228-32487-do9s7v sitelibdir\=./.gem.20260228-32487-do9s7v clean
cd libyaml && make clean
/bin/sh: 1: cd: can't cd to libyaml
make: [Makefile:283: clean-so] Error 2 (ignored)
