current directory: /home/chakravarthi/Desktop/ProductionApplication/vendor/bundle/ruby/3.2.0/gems/date-3.5.1/ext/date
/home/chakravarthi/.rvm/rubies/ruby-3.2.2/bin/ruby extconf.rb
checking for rb_category_warn()... yes
checking for timezone in time.h with  -Werror... yes
checking for altzone in time.h with  -Werror... no
creating Makefile

current directory: /home/chakravarthi/Desktop/ProductionApplication/vendor/bundle/ruby/3.2.0/gems/date-3.5.1/ext/date
make DESTDIR\= sitearchdir\=./.gem.20260228-32487-my3x7w sitelibdir\=./.gem.20260228-32487-my3x7w clean

current directory: /home/chakravarthi/Desktop/ProductionApplication/vendor/bundle/ruby/3.2.0/gems/date-3.5.1/ext/date
make DESTDIR\= sitearchdir\=./.gem.20260228-32487-my3x7w sitelibdir\=./.gem.20260228-32487-my3x7w
compiling date_core.c
compiling date_parse.c
compiling date_strftime.c
compiling date_strptime.c
linking shared-object date_core.so

current directory: /home/chakravarthi/Desktop/ProductionApplication/vendor/bundle/ruby/3.2.0/gems/date-3.5.1/ext/date
make DESTDIR\= sitearchdir\=./.gem.20260228-32487-my3x7w sitelibdir\=./.gem.20260228-32487-my3x7w install
/usr/bin/install -m 0755 date_core.so ./.gem.20260228-32487-my3x7w

current directory: /home/chakravarthi/Desktop/ProductionApplication/vendor/bundle/ruby/3.2.0/gems/date-3.5.1/ext/date
make DESTDIR\= sitearchdir\=./.gem.20260228-32487-my3x7w sitelibdir\=./.gem.20260228-32487-my3x7w clean
