current directory: /home/chakravarthi/Desktop/ProductionApplication/vendor/bundle/ruby/3.2.0/gems/bcrypt_pbkdf-1.1.2/ext/mri
/home/chakravarthi/.rvm/rubies/ruby-3.2.2/bin/ruby extconf.rb
creating Makefile

current directory: /home/chakravarthi/Desktop/ProductionApplication/vendor/bundle/ruby/3.2.0/gems/bcrypt_pbkdf-1.1.2/ext/mri
make DESTDIR\= sitearchdir\=./.gem.20260228-32487-1fv5as sitelibdir\=./.gem.20260228-32487-1fv5as clean

current directory: /home/chakravarthi/Desktop/ProductionApplication/vendor/bundle/ruby/3.2.0/gems/bcrypt_pbkdf-1.1.2/ext/mri
make DESTDIR\= sitearchdir\=./.gem.20260228-32487-1fv5as sitelibdir\=./.gem.20260228-32487-1fv5as
compiling bcrypt_pbkdf.c
compiling bcrypt_pbkdf_ext.c
bcrypt_pbkdf_ext.c: In function ‘Init_bcrypt_pbkdf_ext’:
bcrypt_pbkdf_ext.c:38:6: warning: old-style function definition [-Wold-style-definition]
   38 | void Init_bcrypt_pbkdf_ext(){
      |      ^~~~~~~~~~~~~~~~~~~~~
bcrypt_pbkdf_ext.c: At top level:
cc1: warning: unrecognized command line option ‘-Wno-self-assign’
cc1: warning: unrecognized command line option ‘-Wno-parentheses-equality’
cc1: warning: unrecognized command line option ‘-Wno-constant-logical-operand’
compiling blowfish.c
compiling explicit_bzero.c
compiling hash_sha512.c
linking shared-object bcrypt_pbkdf_ext.so

current directory: /home/chakravarthi/Desktop/ProductionApplication/vendor/bundle/ruby/3.2.0/gems/bcrypt_pbkdf-1.1.2/ext/mri
make DESTDIR\= sitearchdir\=./.gem.20260228-32487-1fv5as sitelibdir\=./.gem.20260228-32487-1fv5as install
/usr/bin/install -m 0755 bcrypt_pbkdf_ext.so ./.gem.20260228-32487-1fv5as

current directory: /home/chakravarthi/Desktop/ProductionApplication/vendor/bundle/ruby/3.2.0/gems/bcrypt_pbkdf-1.1.2/ext/mri
make DESTDIR\= sitearchdir\=./.gem.20260228-32487-1fv5as sitelibdir\=./.gem.20260228-32487-1fv5as clean
